#-----------------------------------------------------------
# PlanAhead v14.7 (64-bit)
# Build 321239 by xbuild on Fri Sep 27 19:29:51 MDT 2013
# Start of session at: Fri Jun 10 11:17:01 2022
# Process ID: 16040
# Log file: D:/EngineeringData/6th_Semester/Digital_System_Design_LAB/LabReport_#_06/Practice/DSD_LAB_7a/planAhead_run_5/planAhead.log
# Journal file: D:/EngineeringData/6th_Semester/Digital_System_Design_LAB/LabReport_#_06/Practice/DSD_LAB_7a/planAhead_run_5/planAhead.jou
#-----------------------------------------------------------
start_gui
source D:/EngineeringData/6th_Semester/Digital_System_Design_LAB/LabReport_#_06/Practice/DSD_LAB_7a/pa.fromNetlist.tcl
startgroup
set_property package_pin B3 [get_ports {en[2]}]
endgroup
startgroup
set_property package_pin A3 [get_ports {en[1]}]
endgroup
startgroup
set_property package_pin B2 [get_ports {en[0]}]
endgroup
set_property package_pin "" [get_ports [list  clk]]
startgroup
set_property package_pin V10 [get_ports clk]
endgroup
startgroup
set_property package_pin F17 [get_ports rst]
endgroup
startgroup
set_property package_pin B3 [get_ports {en[2]}]
endgroup
startgroup
set_property package_pin A2 [get_ports {en[1]}]
endgroup
set_property package_pin "" [get_ports [list  {counter7seg[5]}]]
startgroup
set_property package_pin A3 [get_ports {counter7seg[6]}]
endgroup
startgroup
set_property package_pin B4 [get_ports {counter7seg[5]}]
endgroup
startgroup
set_property package_pin A4 [get_ports {counter7seg[4]}]
endgroup
startgroup
set_property package_pin C4 [get_ports {counter7seg[3]}]
endgroup
startgroup
set_property package_pin C5 [get_ports {counter7seg[2]}]
endgroup
startgroup
set_property package_pin D6 [get_ports {counter7seg[1]}]
endgroup
startgroup
set_property package_pin C6 [get_ports {counter7seg[0]}]
endgroup
save_constraints
set_property slew FAST [get_ports [list {counter7seg[6]} {counter7seg[5]} {counter7seg[4]} {counter7seg[3]} {counter7seg[2]} {counter7seg[1]} {counter7seg[0]}]]
set_property slew FAST [get_ports [list {en[2]} {en[1]} {en[0]}]]
set_property pulltype PULLUP [get_ports [list clk]]
set_property pulltype PULLUP [get_ports [list rst]]
save_constraints
set_property slew SLOW [get_ports [list {counter7seg[6]} {counter7seg[5]} {counter7seg[4]} {counter7seg[3]} {counter7seg[2]} {counter7seg[1]} {counter7seg[0]}]]
set_property slew SLOW [get_ports [list {en[2]} {en[1]} {en[0]}]]
set_property pulltype NONE [get_ports [list clk]]
set_property pulltype PULLUP [get_ports [list clk]]
save_constraints -force
